Archive member included to satisfy reference by file (symbol)

C:/ST/STM32CubeIDE_1.18.1/STM32CubeIDE/plugins/com.st.stm32cube.ide.mcu.externaltools.gnu-tools-for-stm32.13.3.rel1.win32_1.0.0.202411081344/tools/bin/../lib/gcc/arm-none-eabi/13.3.1/../../../../arm-none-eabi/lib/thumb/v7e-m+fp/hard\libc_nano.a(libc_a-exit.o)
                              C:/ST/STM32CubeIDE_1.18.1/STM32CubeIDE/plugins/com.st.stm32cube.ide.mcu.externaltools.gnu-tools-for-stm32.13.3.rel1.win32_1.0.0.202411081344/tools/bin/../lib/gcc/arm-none-eabi/13.3.1/../../../../arm-none-eabi/lib/thumb/v7e-m+fp/hard/crt0.o (exit)
C:/ST/STM32CubeIDE_1.18.1/STM32CubeIDE/plugins/com.st.stm32cube.ide.mcu.externaltools.gnu-tools-for-stm32.13.3.rel1.win32_1.0.0.202411081344/tools/bin/../lib/gcc/arm-none-eabi/13.3.1/../../../../arm-none-eabi/lib/thumb/v7e-m+fp/hard\libc_nano.a(libc_a-findfp.o)
                              C:/ST/STM32CubeIDE_1.18.1/STM32CubeIDE/plugins/com.st.stm32cube.ide.mcu.externaltools.gnu-tools-for-stm32.13.3.rel1.win32_1.0.0.202411081344/tools/bin/../lib/gcc/arm-none-eabi/13.3.1/../../../../arm-none-eabi/lib/thumb/v7e-m+fp/hard\libc_nano.a(libc_a-exit.o) (__stdio_exit_handler)
C:/ST/STM32CubeIDE_1.18.1/STM32CubeIDE/plugins/com.st.stm32cube.ide.mcu.externaltools.gnu-tools-for-stm32.13.3.rel1.win32_1.0.0.202411081344/tools/bin/../lib/gcc/arm-none-eabi/13.3.1/../../../../arm-none-eabi/lib/thumb/v7e-m+fp/hard\libc_nano.a(libc_a-fwalk.o)
                              C:/ST/STM32CubeIDE_1.18.1/STM32CubeIDE/plugins/com.st.stm32cube.ide.mcu.externaltools.gnu-tools-for-stm32.13.3.rel1.win32_1.0.0.202411081344/tools/bin/../lib/gcc/arm-none-eabi/13.3.1/../../../../arm-none-eabi/lib/thumb/v7e-m+fp/hard\libc_nano.a(libc_a-findfp.o) (_fwalk_sglue)
C:/ST/STM32CubeIDE_1.18.1/STM32CubeIDE/plugins/com.st.stm32cube.ide.mcu.externaltools.gnu-tools-for-stm32.13.3.rel1.win32_1.0.0.202411081344/tools/bin/../lib/gcc/arm-none-eabi/13.3.1/../../../../arm-none-eabi/lib/thumb/v7e-m+fp/hard\libc_nano.a(libc_a-stdio.o)
                              C:/ST/STM32CubeIDE_1.18.1/STM32CubeIDE/plugins/com.st.stm32cube.ide.mcu.externaltools.gnu-tools-for-stm32.13.3.rel1.win32_1.0.0.202411081344/tools/bin/../lib/gcc/arm-none-eabi/13.3.1/../../../../arm-none-eabi/lib/thumb/v7e-m+fp/hard\libc_nano.a(libc_a-findfp.o) (__sread)
C:/ST/STM32CubeIDE_1.18.1/STM32CubeIDE/plugins/com.st.stm32cube.ide.mcu.externaltools.gnu-tools-for-stm32.13.3.rel1.win32_1.0.0.202411081344/tools/bin/../lib/gcc/arm-none-eabi/13.3.1/../../../../arm-none-eabi/lib/thumb/v7e-m+fp/hard\libc_nano.a(libc_a-memset.o)
                              C:/ST/STM32CubeIDE_1.18.1/STM32CubeIDE/plugins/com.st.stm32cube.ide.mcu.externaltools.gnu-tools-for-stm32.13.3.rel1.win32_1.0.0.202411081344/tools/bin/../lib/gcc/arm-none-eabi/13.3.1/../../../../arm-none-eabi/lib/thumb/v7e-m+fp/hard/crt0.o (memset)
C:/ST/STM32CubeIDE_1.18.1/STM32CubeIDE/plugins/com.st.stm32cube.ide.mcu.externaltools.gnu-tools-for-stm32.13.3.rel1.win32_1.0.0.202411081344/tools/bin/../lib/gcc/arm-none-eabi/13.3.1/../../../../arm-none-eabi/lib/thumb/v7e-m+fp/hard\libc_nano.a(libc_a-closer.o)
                              C:/ST/STM32CubeIDE_1.18.1/STM32CubeIDE/plugins/com.st.stm32cube.ide.mcu.externaltools.gnu-tools-for-stm32.13.3.rel1.win32_1.0.0.202411081344/tools/bin/../lib/gcc/arm-none-eabi/13.3.1/../../../../arm-none-eabi/lib/thumb/v7e-m+fp/hard\libc_nano.a(libc_a-stdio.o) (_close_r)
C:/ST/STM32CubeIDE_1.18.1/STM32CubeIDE/plugins/com.st.stm32cube.ide.mcu.externaltools.gnu-tools-for-stm32.13.3.rel1.win32_1.0.0.202411081344/tools/bin/../lib/gcc/arm-none-eabi/13.3.1/../../../../arm-none-eabi/lib/thumb/v7e-m+fp/hard\libc_nano.a(libc_a-reent.o)
                              C:/ST/STM32CubeIDE_1.18.1/STM32CubeIDE/plugins/com.st.stm32cube.ide.mcu.externaltools.gnu-tools-for-stm32.13.3.rel1.win32_1.0.0.202411081344/tools/bin/../lib/gcc/arm-none-eabi/13.3.1/../../../../arm-none-eabi/lib/thumb/v7e-m+fp/hard\libc_nano.a(libc_a-closer.o) (errno)
C:/ST/STM32CubeIDE_1.18.1/STM32CubeIDE/plugins/com.st.stm32cube.ide.mcu.externaltools.gnu-tools-for-stm32.13.3.rel1.win32_1.0.0.202411081344/tools/bin/../lib/gcc/arm-none-eabi/13.3.1/../../../../arm-none-eabi/lib/thumb/v7e-m+fp/hard\libc_nano.a(libc_a-impure.o)
                              C:/ST/STM32CubeIDE_1.18.1/STM32CubeIDE/plugins/com.st.stm32cube.ide.mcu.externaltools.gnu-tools-for-stm32.13.3.rel1.win32_1.0.0.202411081344/tools/bin/../lib/gcc/arm-none-eabi/13.3.1/../../../../arm-none-eabi/lib/thumb/v7e-m+fp/hard\libc_nano.a(libc_a-reent.o) (_impure_ptr)
C:/ST/STM32CubeIDE_1.18.1/STM32CubeIDE/plugins/com.st.stm32cube.ide.mcu.externaltools.gnu-tools-for-stm32.13.3.rel1.win32_1.0.0.202411081344/tools/bin/../lib/gcc/arm-none-eabi/13.3.1/../../../../arm-none-eabi/lib/thumb/v7e-m+fp/hard\libc_nano.a(libc_a-lseekr.o)
[...]
Memory Configuration

Name             Origin             Length             Attributes
RAM              0x20000000         0x00018000         xrw
FLASH            0x08000000         0x00080000         xr
*default*        0x00000000         0xffffffff

Linker script and memory map

LOAD C:/ST/STM32CubeIDE_1.18.1/STM32CubeIDE/plugins/com.st.stm32cube.ide.mcu.externaltools.gnu-tools-for-stm32.13.3.rel1.win32_1.0.0.202411081344/tools/bin/../lib/gcc/arm-none-eabi/13.3.1/thumb/v7e-m+fp/hard/crti.o
LOAD C:/ST/STM32CubeIDE_1.18.1/STM32CubeIDE/plugins/com.st.stm32cube.ide.mcu.externaltools.gnu-tools-for-stm32.13.3.rel1.win32_1.0.0.202411081344/tools/bin/../lib/gcc/arm-none-eabi/13.3.1/thumb/v7e-m+fp/hard/crtbegin.o
LOAD C:/ST/STM32CubeIDE_1.18.1/STM32CubeIDE/plugins/com.st.stm32cube.ide.mcu.externaltools.gnu-tools-for-stm32.13.3.rel1.win32_1.0.0.202411081344/tools/bin/../lib/gcc/arm-none-eabi/13.3.1/../../../../arm-none-eabi/lib/thumb/v7e-m+fp/hard/crt0.o
LOAD ./Core/Src/freertos.o
LOAD ./Core/Src/main.o
LOAD ./Core/Src/stm32f4xx_hal_msp.o
LOAD ./Core/Src/stm32f4xx_it.o
LOAD ./Core/Src/syscalls.o
LOAD ./Core/Src/sysmem.o
LOAD ./Core/Src/system_stm32f4xx.o
LOAD ./Core/Startup/startup_stm32f401retx.o
LOAD ./Drivers/STM32F4xx_HAL_Driver/Src/stm32f4xx_hal.o
LOAD ./Drivers/STM32F4xx_HAL_Driver/Src/stm32f4xx_hal_cortex.o
LOAD ./Drivers/STM32F4xx_HAL_Driver/Src/stm32f4xx_hal_dma.o
LOAD ./Drivers/STM32F4xx_HAL_Driver/Src/stm32f4xx_hal_dma_ex.o
LOAD ./Drivers/STM32F4xx_HAL_Driver/Src/stm32f4xx_hal_exti.o
LOAD ./Drivers/STM32F4xx_HAL_Driver/Src/stm32f4xx_hal_flash.o
LOAD ./Drivers/STM32F4xx_HAL_Driver/Src/stm32f4xx_hal_flash_ex.o
LOAD ./Drivers/STM32F4xx_HAL_Driver/Src/stm32f4xx_hal_flash_ramfunc.o
LOAD ./Drivers/STM32F4xx_HAL_Driver/Src/stm32f4xx_hal_gpio.o
LOAD ./Drivers/STM32F4xx_HAL_Driver/Src/stm32f4xx_hal_pwr.o
LOAD ./Drivers/STM32F4xx_HAL_Driver/Src/stm32f4xx_hal_pwr_ex.o
LOAD ./Drivers/STM32F4xx_HAL_Driver/Src/stm32f4xx_hal_rcc.o
LOAD ./Drivers/STM32F4xx_HAL_Driver/Src/stm32f4xx_hal_rcc_ex.o
LOAD ./Drivers/STM32F4xx_HAL_Driver/Src/stm32f4xx_hal_uart.o
LOAD ./Middlewares/Third_Party/FreeRTOS/Source/CMSIS_RTOS_V2/cmsis_os2.o
LOAD ./Middlewares/Third_Party/FreeRTOS/Source/croutine.o
LOAD ./Middlewares/Third_Party/FreeRTOS/Source/event_groups.o
LOAD ./Middlewares/Third_Party/FreeRTOS/Source/list.o
LOAD ./Middlewares/Third_Party/FreeRTOS/Source/queue.o
LOAD ./Middlewares/Third_Party/FreeRTOS/Source/stream_buffer.o
LOAD ./Middlewares/Third_Party/FreeRTOS/Source/tasks.o
LOAD ./Middlewares/Third_Party/FreeRTOS/Source/timers.o
LOAD ./Middlewares/Third_Party/FreeRTOS/Source/portable/GCC/ARM_CM4F/port.o
LOAD ./Middlewares/Third_Party/FreeRTOS/Source/portable/MemMang/heap_4.o
START GROUP
LOAD C:/ST/STM32CubeIDE_1.18.1/STM32CubeIDE/plugins/com.st.stm32cube.ide.mcu.externaltools.gnu-tools-for-stm32.13.3.rel1.win32_1.0.0.202411081344/tools/bin/../lib/gcc/arm-none-eabi/13.3.1/../../../../arm-none-eabi/lib/thumb/v7e-m+fp/hard\libc_nano.a
LOAD C:/ST/STM32CubeIDE_1.18.1/STM32CubeIDE/plugins/com.st.stm32cube.ide.mcu.externaltools.gnu-tools-for-stm32.13.3.rel1.win32_1.0.0.202411081344/tools/bin/../lib/gcc/arm-none-eabi/13.3.1/../../../../arm-none-eabi/lib/thumb/v7e-m+fp/hard\libm.a
END GROUP
START GROUP
LOAD C:/ST/STM32CubeIDE_1.18.1/STM32CubeIDE/plugins/com.st.stm32cube.ide.mcu.externaltools.gnu-tools-for-stm32.13.3.rel1.win32_1.0.0.202411081344/tools/bin/../lib/gcc/arm-none-eabi/13.3.1/thumb/v7e-m+fp/hard\libgcc.a
LOAD C:/ST/STM32CubeIDE_1.18.1/STM32CubeIDE/plugins/com.st.stm32cube.ide.mcu.externaltools.gnu-tools-for-stm32.13.3.rel1.win32_1.0.0.202411081344/tools/bin/../lib/gcc/arm-none-eabi/13.3.1/../../../../arm-none-eabi/lib/thumb/v7e-m+fp/hard\libc_nano.a
END GROUP
START GROUP
LOAD C:/ST/STM32CubeIDE_1.18.1/STM32CubeIDE/plugins/com.st.stm32cube.ide.mcu.externaltools.gnu-tools-for-stm32.13.3.rel1.win32_1.0.0.202411081344/tools/bin/../lib/gcc/arm-none-eabi/13.3.1/thumb/v7e-m+fp/hard\libgcc.a
LOAD C:/ST/STM32CubeIDE_1.18.1/STM32CubeIDE/plugins/com.st.stm32cube.ide.mcu.externaltools.gnu-tools-for-stm32.13.3.rel1.win32_1.0.0.202411081344/tools/bin/../lib/gcc/arm-none-eabi/13.3.1/../../../../arm-none-eabi/lib/thumb/v7e-m+fp/hard\libc_nano.a
LOAD C:/ST/STM32CubeIDE_1.18.1/STM32CubeIDE/plugins/com.st.stm32cube.ide.mcu.externaltools.gnu-tools-for-stm32.13.3.rel1.win32_1.0.0.202411081344/tools/bin/../lib/gcc/arm-none-eabi/13.3.1/../../../../arm-none-eabi/lib/thumb/v7e-m+fp/hard\libnosys.a
END GROUP
START GROUP
LOAD C:/ST/STM32CubeIDE_1.18.1/STM32CubeIDE/plugins/com.st.stm32cube.ide.mcu.externaltools.gnu-tools-for-stm32.13.3.rel1.win32_1.0.0.202411081344/tools/bin/../lib/gcc/arm-none-eabi/13.3.1/thumb/v7e-m+fp/hard\libgcc.a
LOAD C:/ST/STM32CubeIDE_1.18.1/STM32CubeIDE/plugins/com.st.stm32cube.ide.mcu.externaltools.gnu-tools-for-stm32.13.3.rel1.win32_1.0.0.202411081344/tools/bin/../lib/gcc/arm-none-eabi/13.3.1/../../../../arm-none-eabi/lib/thumb/v7e-m+fp/hard\libc_nano.a
LOAD C:/ST/STM32CubeIDE_1.18.1/STM32CubeIDE/plugins/com.st.stm32cube.ide.mcu.externaltools.gnu-tools-for-stm32.13.3.rel1.win32_1.0.0.202411081344/tools/bin/../lib/gcc/arm-none-eabi/13.3.1/../../../../arm-none-eabi/lib/thumb/v7e-m+fp/hard\libnosys.a
END GROUP
LOAD C:/ST/STM32CubeIDE_1.18.1/STM32CubeIDE/plugins/com.st.stm32cube.ide.mcu.externaltools.gnu-tools-for-stm32.13.3.rel1.win32_1.0.0.202411081344/tools/bin/../lib/gcc/arm-none-eabi/13.3.1/thumb/v7e-m+fp/hard/crtend.o
LOAD C:/ST/STM32CubeIDE_1.18.1/STM32CubeIDE/plugins/com.st.stm32cube.ide.mcu.externaltools.gnu-tools-for-stm32.13.3.rel1.win32_1.0.0.202411081344/tools/bin/../lib/gcc/arm-none-eabi/13.3.1/thumb/v7e-m+fp/hard/crtn.o
                0x20018000                        _estack = (ORIGIN (RAM) + LENGTH (RAM))
                0x00000200                        _Min_Heap_Size = 0x200
                0x00000400                        _Min_Stack_Size = 0x400

.isr_vector     0x08000000      0x194
                0x08000000                        . = ALIGN (0x4)
 *(.isr_vector)
 .isr_vector    0x08000000      0x194 ./Core/Startup/startup_stm32f401retx.o
                0x08000000                g_pfnVectors
                0x08000194                        . = ALIGN (0x4)

.text           0x080001a0     0x5494
                0x080001a0                        . = ALIGN (0x4)
 *(.text)
 .text          0x080001a0       0x40 C:/ST/STM32CubeIDE_1.18.1/STM32CubeIDE/plugins/com.st.stm32cube.ide.mcu.externaltools.gnu-tools-for-stm32.13.3.rel1.win32_1.0.0.202411081344/tools/bin/../lib/gcc/arm-none-eabi/13.3.1/thumb/v7e-m+fp/hard/crtbegin.o
 .text          0x080001e0       0x10 C:/ST/STM32CubeIDE_1.18.1/STM32CubeIDE/plugins/com.st.stm32cube.ide.mcu.externaltools.gnu-tools-for-stm32.13.3.rel1.win32_1.0.0.202411081344/tools/bin/../lib/gcc/arm-none-eabi/13.3.1/../../../../arm-none-eabi/lib/thumb/v7e-m+fp/hard\libc_nano.a(libc_a-strlen.o)
                0x080001e0                strlen
 .text          0x080001f0       0x30 C:/ST/STM32CubeIDE_1.18.1/STM32CubeIDE/plugins/com.st.stm32cube.ide.mcu.externaltools.gnu-tools-for-stm32.13.3.rel1.win32_1.0.0.202411081344/tools/bin/../lib/gcc/arm-none-eabi/13.3.1/thumb/v7e-m+fp/hard\libgcc.a(_aeabi_uldivmod.o)
                0x080001f0                __aeabi_uldivmod
 .text          0x08000220      0x2f8 C:/ST/STM32CubeIDE_1.18.1/STM32CubeIDE/plugins/com.st.stm32cube.ide.mcu.externaltools.gnu-tools-for-stm32.13.3.rel1.win32_1.0.0.202411081344/tools/bin/../lib/gcc/arm-none-eabi/13.3.1/thumb/v7e-m+fp/hard\libgcc.a(_udivmoddi4.o)
                0x08000220                __udivmoddi4
 .text          0x08000518        0x4 C:/ST/STM32CubeIDE_1.18.1/STM32CubeIDE/plugins/com.st.stm32cube.ide.mcu.externaltools.gnu-tools-for-stm32.13.3.rel1.win32_1.0.0.202411081344/tools/bin/../lib/gcc/arm-none-eabi/13.3.1/thumb/v7e-m+fp/hard\libgcc.a(_dvmd_tls.o)
                0x08000518                __aeabi_idiv0
                0x08000518                __aeabi_ldiv0
 *(.text*)
 .text.HighPrioTask
                0x0800051c       0x70 ./Core/Src/main.o
                0x0800051c                HighPrioTask
 .text.LowPrioTask
                0x0800058c       0x70 ./Core/Src/main.o
                0x0800058c                LowPrioTask
 .text.main     0x080005fc       0xc8 ./Core/Src/main.o
                0x080005fc                main
 .text.SystemClock_Config
                0x080006c4       0xd8 ./Core/Src/main.o
                0x080006c4                SystemClock_Config
 .text.MX_USART2_UART_Init
                0x0800079c       0x54 ./Core/Src/main.o
 .text.MX_GPIO_Init
                0x080007f0       0xdc ./Core/Src/main.o
 .text.StartDefaultTask
                0x080008cc       0x10 ./Core/Src/main.o
                0x080008cc                StartDefaultTask
 .text.Error_Handler
                0x080008dc        0xc ./Core/Src/main.o
                0x080008dc                Error_Handler
 .text.HAL_MspInit
                0x080008e8       0x58 ./Core/Src/stm32f4xx_hal_msp.o
                0x080008e8                HAL_MspInit
 .text.HAL_UART_MspInit
                0x08000940       0x90 ./Core/Src/stm32f4xx_hal_msp.o
                0x08000940                HAL_UART_MspInit
 .text.NMI_Handler
                0x080009d0        0x8 ./Core/Src/stm32f4xx_it.o
                0x080009d0                NMI_Handler
 .text.HardFault_Handler
                0x080009d8        0x8 ./Core/Src/stm32f4xx_it.o
                0x080009d8                HardFault_Handler
 .text.MemManage_Handler
                0x080009e0        0x8 ./Core/Src/stm32f4xx_it.o
                0x080009e0                MemManage_Handler
 .text.BusFault_Handler
                0x080009e8        0x8 ./Core/Src/stm32f4xx_it.o
                0x080009e8                BusFault_Handler
 .text.UsageFault_Handler
                0x080009f0        0x8 ./Core/Src/stm32f4xx_it.o
                0x080009f0                UsageFault_Handler
 .text.DebugMon_Handler
                0x080009f8        0xe ./Core/Src/stm32f4xx_it.o
                0x080009f8                DebugMon_Handler
 .text.SysTick_Handler
                0x08000a06       0x1a ./Core/Src/stm32f4xx_it.o
                0x08000a06                SysTick_Handler
 .text.SystemInit
                0x08000a20       0x24 ./Core/Src/system_stm32f4xx.o
                0x08000a20                SystemInit
 .text.Reset_Handler
                0x08000a44       0x50 ./Core/Startup/startup_stm32f401retx.o
                0x08000a44                Reset_Handler
 .text.Default_Handler
                0x08000a94        0x2 ./Core/Startup/startup_stm32f401retx.o
                0x08000a94                RTC_Alarm_IRQHandler
                0x08000a94                EXTI2_IRQHandler
                0x08000a94                SPI4_IRQHandler
                0x08000a94                TIM1_CC_IRQHandler
                0x08000a94                DMA2_Stream5_IRQHandler
                0x08000a94                DMA1_Stream5_IRQHandler
                0x08000a94                PVD_IRQHandler
                0x08000a94                SDIO_IRQHandler
                0x08000a94                TAMP_STAMP_IRQHandler
                0x08000a94                EXTI3_IRQHandler
                0x08000a94                TIM1_UP_TIM10_IRQHandler
                0x08000a94                I2C3_ER_IRQHandler
                0x08000a94                EXTI0_IRQHandler
                0x08000a94                I2C2_EV_IRQHandler
                0x08000a94                DMA1_Stream2_IRQHandler
                0x08000a94                FPU_IRQHandler
                0x08000a94                DMA2_Stream2_IRQHandler
                0x08000a94                SPI1_IRQHandler
                0x08000a94                TIM1_BRK_TIM9_IRQHandler
                0x08000a94                DMA2_Stream3_IRQHandler
                0x08000a94                USART6_IRQHandler
                0x08000a94                DMA2_Stream0_IRQHandler
                0x08000a94                TIM4_IRQHandler
                0x08000a94                I2C1_EV_IRQHandler
                0x08000a94                DMA1_Stream6_IRQHandler
                0x08000a94                DMA1_Stream1_IRQHandler
                0x08000a94                TIM3_IRQHandler
                0x08000a94                RCC_IRQHandler
                0x08000a94                Default_Handler
                0x08000a94                EXTI15_10_IRQHandler
                0x08000a94                ADC_IRQHandler
                0x08000a94                DMA1_Stream7_IRQHandler
                0x08000a94                TIM5_IRQHandler
                0x08000a94                DMA2_Stream7_IRQHandler
                0x08000a94                I2C3_EV_IRQHandler
                0x08000a94                EXTI9_5_IRQHandler
                0x08000a94                RTC_WKUP_IRQHandler
                0x08000a94                SPI2_IRQHandler
                0x08000a94                DMA1_Stream0_IRQHandler
                0x08000a94                EXTI4_IRQHandler
                0x08000a94                WWDG_IRQHandler
                0x08000a94                TIM2_IRQHandler
                0x08000a94                OTG_FS_WKUP_IRQHandler
                0x08000a94                TIM1_TRG_COM_TIM11_IRQHandler
                0x08000a94                EXTI1_IRQHandler
                0x08000a94                USART2_IRQHandler
                0x08000a94                I2C2_ER_IRQHandler
                0x08000a94                DMA2_Stream1_IRQHandler
                0x08000a94                FLASH_IRQHandler
                0x08000a94                DMA2_Stream4_IRQHandler
                0x08000a94                USART1_IRQHandler
                0x08000a94                OTG_FS_IRQHandler
                0x08000a94                SPI3_IRQHandler
                0x08000a94                DMA1_Stream4_IRQHandler
                0x08000a94                I2C1_ER_IRQHandler
                0x08000a94                DMA2_Stream6_IRQHandler
                0x08000a94                DMA1_Stream3_IRQHandler
 *fill*         0x08000a96        0x2 
 .text.HAL_Init
                0x08000a98       0x44 ./Drivers/STM32F4xx_HAL_Driver/Src/stm32f4xx_hal.o
                0x08000a98                HAL_Init
 .text.HAL_InitTick
                0x08000adc       0x60 ./Drivers/STM32F4xx_HAL_Driver/Src/stm32f4xx_hal.o
                0x08000adc                HAL_InitTick
 .text.HAL_IncTick
                0x08000b3c       0x28 ./Drivers/STM32F4xx_HAL_Driver/Src/stm32f4xx_hal.o
                0x08000b3c                HAL_IncTick
 .text.HAL_GetTick
                0x08000b64       0x18 ./Drivers/STM32F4xx_HAL_Driver/Src/stm32f4xx_hal.o
                0x08000b64                HAL_GetTick
 .text.__NVIC_SetPriorityGrouping
                0x08000b7c       0x48 ./Drivers/STM32F4xx_HAL_Driver/Src/stm32f4xx_hal_cortex.o
 .text.__NVIC_GetPriorityGrouping
                0x08000bc4       0x1c ./Drivers/STM32F4xx_HAL_Driver/Src/stm32f4xx_hal_cortex.o
 .text.__NVIC_SetPriority
                0x08000be0       0x54 ./Drivers/STM32F4xx_HAL_Driver/Src/stm32f4xx_hal_cortex.o
 .text.NVIC_EncodePriority
                0x08000c34       0x66 ./Drivers/STM32F4xx_HAL_Driver/Src/stm32f4xx_hal_cortex.o
 *fill*         0x08000c9a        0x2 
 .text.SysTick_Config
                0x08000c9c       0x44 ./Drivers/STM32F4xx_HAL_Driver/Src/stm32f4xx_hal_cortex.o
 .text.HAL_NVIC_SetPriorityGrouping
                0x08000ce0       0x16 ./Drivers/STM32F4xx_HAL_Driver/Src/stm32f4xx_hal_cortex.o
                0x08000ce0                HAL_NVIC_SetPriorityGrouping
 .text.HAL_NVIC_SetPriority
                0x08000cf6       0x38 ./Drivers/STM32F4xx_HAL_Driver/Src/stm32f4xx_hal_cortex.o
                0x08000cf6                HAL_NVIC_SetPriority
 .text.HAL_SYSTICK_Config
                0x08000d2e       0x18 ./Drivers/STM32F4xx_HAL_Driver/Src/stm32f4xx_hal_cortex.o
                0x08000d2e                HAL_SYSTICK_Config
 *fill*         0x08000d46        0x2 
 .text.HAL_GPIO_Init
                0x08000d48      0x308 ./Drivers/STM32F4xx_HAL_Driver/Src/stm32f4xx_hal_gpio.o
                0x08000d48                HAL_GPIO_Init
 .text.HAL_GPIO_WritePin
                0x08001050       0x32 ./Drivers/STM32F4xx_HAL_Driver/Src/stm32f4xx_hal_gpio.o
                0x08001050                HAL_GPIO_WritePin
 *fill*         0x08001082        0x2 
 .text.HAL_RCC_OscConfig
                0x08001084      0x4f0 ./Drivers/STM32F4xx_HAL_Driver/Src/stm32f4xx_hal_rcc.o
                0x08001084                HAL_RCC_OscConfig
 .text.HAL_RCC_ClockConfig
                0x08001574      0x1cc ./Drivers/STM32F4xx_HAL_Driver/Src/stm32f4xx_hal_rcc.o
                0x08001574                HAL_RCC_ClockConfig
 .text.HAL_RCC_GetSysClockFreq
                0x08001740      0x20c ./Drivers/STM32F4xx_HAL_Driver/Src/stm32f4xx_hal_rcc.o
                0x08001740                HAL_RCC_GetSysClockFreq
 .text.HAL_RCC_GetHCLKFreq
                0x0800194c       0x18 ./Drivers/STM32F4xx_HAL_Driver/Src/stm32f4xx_hal_rcc.o
                0x0800194c                HAL_RCC_GetHCLKFreq
 .text.HAL_RCC_GetPCLK1Freq
                0x08001964       0x28 ./Drivers/STM32F4xx_HAL_Driver/Src/stm32f4xx_hal_rcc.o
                0x08001964                HAL_RCC_GetPCLK1Freq
 .text.HAL_RCC_GetPCLK2Freq
                0x0800198c       0x28 ./Drivers/STM32F4xx_HAL_Driver/Src/stm32f4xx_hal_rcc.o
                0x0800198c                HAL_RCC_GetPCLK2Freq
 .text.HAL_UART_Init
                0x080019b4       0xa0 ./Drivers/STM32F4xx_HAL_Driver/Src/stm32f4xx_hal_uart.o
                0x080019b4                HAL_UART_Init
 .text.HAL_UART_Transmit
                0x08001a54      0x116 ./Drivers/STM32F4xx_HAL_Driver/Src/stm32f4xx_hal_uart.o
                0x08001a54                HAL_UART_Transmit
 .text.UART_WaitOnFlagUntilTimeout
                0x08001b6a       0xb2 ./Drivers/STM32F4xx_HAL_Driver/Src/stm32f4xx_hal_uart.o
 .text.UART_EndRxTransfer
                0x08001c1c       0xc6 ./Drivers/STM32F4xx_HAL_Driver/Src/stm32f4xx_hal_uart.o
 *fill*         0x08001ce2        0x2 
 .text.UART_SetConfig
                0x08001ce4      0x4e8 ./Drivers/STM32F4xx_HAL_Driver/Src/stm32f4xx_hal_uart.o
 .text.__NVIC_SetPriority
                0x080021cc       0x54 ./Middlewares/Third_Party/FreeRTOS/Source/CMSIS_RTOS_V2/cmsis_os2.o
 .text.SVC_Setup
                0x08002220       0x12 ./Middlewares/Third_Party/FreeRTOS/Source/CMSIS_RTOS_V2/cmsis_os2.o
 *fill*         0x08002232        0x2 
 .text.osKernelInitialize
                0x08002234       0x48 ./Middlewares/Third_Party/FreeRTOS/Source/CMSIS_RTOS_V2/cmsis_os2.o
                0x08002234                osKernelInitialize
 .text.osKernelStart
                0x0800227c       0x4c ./Middlewares/Third_Party/FreeRTOS/Source/CMSIS_RTOS_V2/cmsis_os2.o
                0x0800227c                osKernelStart
 .text.osThreadNew
                0x080022c8      0x124 ./Middlewares/Third_Party/FreeRTOS/Source/CMSIS_RTOS_V2/cmsis_os2.o
                0x080022c8                osThreadNew
 .text.osDelay  0x080023ec       0x36 ./Middlewares/Third_Party/FreeRTOS/Source/CMSIS_RTOS_V2/cmsis_os2.o
                0x080023ec                osDelay
 .text.osMutexNew
                0x08002422      0x10c ./Middlewares/Third_Party/FreeRTOS/Source/CMSIS_RTOS_V2/cmsis_os2.o
                0x08002422                osMutexNew
 .text.osMutexAcquire
                0x0800252e       0x96 ./Middlewares/Third_Party/FreeRTOS/Source/CMSIS_RTOS_V2/cmsis_os2.o
                0x0800252e                osMutexAcquire
 .text.osMutexRelease
                0x080025c4       0x7a ./Middlewares/Third_Party/FreeRTOS/Source/CMSIS_RTOS_V2/cmsis_os2.o
                0x080025c4                osMutexRelease
 *fill*         0x0800263e        0x2 
 .text.vApplicationGetIdleTaskMemory
                0x08002640       0x34 ./Middlewares/Third_Party/FreeRTOS/Source/CMSIS_RTOS_V2/cmsis_os2.o
                0x08002640                vApplicationGetIdleTaskMemory
 .text.vApplicationGetTimerTaskMemory
                0x08002674       0x34 ./Middlewares/Third_Party/FreeRTOS/Source/CMSIS_RTOS_V2/cmsis_os2.o
                0x08002674                vApplicationGetTimerTaskMemory
 .text.vListInitialise
                0x080026a8       0x40 ./Middlewares/Third_Party/FreeRTOS/Source/list.o
                0x080026a8                vListInitialise
 .text.vListInitialiseItem
                0x080026e8       0x1a ./Middlewares/Third_Party/FreeRTOS/Source/list.o
                0x080026e8                vListInitialiseItem
 .text.vListInsertEnd
                0x08002702       0x48 ./Middlewares/Third_Party/FreeRTOS/Source/list.o
                0x08002702                vListInsertEnd
 .text.vListInsert
                0x0800274a       0x72 ./Middlewares/Third_Party/FreeRTOS/Source/list.o
                0x0800274a                vListInsert
 .text.uxListRemove
                0x080027bc       0x54 ./Middlewares/Third_Party/FreeRTOS/Source/list.o
                0x080027bc                uxListRemove
 .text.xQueueGenericReset
                0x08002810       0xd4 ./Middlewares/Third_Party/FreeRTOS/Source/queue.o
                0x08002810                xQueueGenericReset
 .text.xQueueGenericCreateStatic
                0x080028e4       0xfa ./Middlewares/Third_Party/FreeRTOS/Source/queue.o
                0x080028e4                xQueueGenericCreateStatic
 .text.xQueueGenericCreate
                0x080029de       0x76 ./Middlewares/Third_Party/FreeRTOS/Source/queue.o
                0x080029de                xQueueGenericCreate
 .text.prvInitialiseNewQueue
                0x08002a54       0x46 ./Middlewares/Third_Party/FreeRTOS/Source/queue.o
 .text.prvInitialiseMutex
                0x08002a9a       0x34 ./Middlewares/Third_Party/FreeRTOS/Source/queue.o
 .text.xQueueCreateMutex
                0x08002ace       0x30 ./Middlewares/Third_Party/FreeRTOS/Source/queue.o
                0x08002ace                xQueueCreateMutex
 .text.xQueueCreateMutexStatic
                0x08002afe       0x36 ./Middlewares/Third_Party/FreeRTOS/Source/queue.o
                0x08002afe                xQueueCreateMutexStatic
 .text.xQueueGiveMutexRecursive
                0x08002b34       0x6a ./Middlewares/Third_Party/FreeRTOS/Source/queue.o
                0x08002b34                xQueueGiveMutexRecursive
 .text.xQueueTakeMutexRecursive
                0x08002b9e       0x6e ./Middlewares/Third_Party/FreeRTOS/Source/queue.o
                0x08002b9e                xQueueTakeMutexRecursive
 .text.xQueueGenericSend
                0x08002c0c      0x204 ./Middlewares/Third_Party/FreeRTOS/Source/queue.o
                0x08002c0c                xQueueGenericSend
 .text.xQueueGenericSendFromISR
                0x08002e10      0x13c ./Middlewares/Third_Party/FreeRTOS/Source/queue.o
                0x08002e10                xQueueGenericSendFromISR
 .text.xQueueReceive
                0x08002f4c      0x1c4 ./Middlewares/Third_Party/FreeRTOS/Source/queue.o
                0x08002f4c                xQueueReceive
 .text.xQueueSemaphoreTake
                0x08003110      0x220 ./Middlewares/Third_Party/FreeRTOS/Source/queue.o
                0x08003110                xQueueSemaphoreTake
 .text.prvGetDisinheritPriorityAfterTimeout
                0x08003330       0x30 ./Middlewares/Third_Party/FreeRTOS/Source/queue.o
 .text.prvCopyDataToQueue
                0x08003360       0xd4 ./Middlewares/Third_Party/FreeRTOS/Source/queue.o
 .text.prvCopyDataFromQueue
                0x08003434       0x4c ./Middlewares/Third_Party/FreeRTOS/Source/queue.o
 .text.prvUnlockQueue
                0x08003480       0xa4 ./Middlewares/Third_Party/FreeRTOS/Source/queue.o
 .text.prvIsQueueEmpty
                0x08003524       0x2c ./Middlewares/Third_Party/FreeRTOS/Source/queue.o
 .text.prvIsQueueFull
                0x08003550       0x30 ./Middlewares/Third_Party/FreeRTOS/Source/queue.o
 .text.vQueueAddToRegistry
                0x08003580       0x54 ./Middlewares/Third_Party/FreeRTOS/Source/queue.o
                0x08003580                vQueueAddToRegistry
 .text.vQueueWaitForMessageRestricted
                0x080035d4       0x68 ./Middlewares/Third_Party/FreeRTOS/Source/queue.o
                0x080035d4                vQueueWaitForMessageRestricted
 .text.xTaskCreateStatic
                0x0800363c       0xc0 ./Middlewares/Third_Party/FreeRTOS/Source/tasks.o
                0x0800363c                xTaskCreateStatic
 .text.xTaskCreate
                0x080036fc       0x8a ./Middlewares/Third_Party/FreeRTOS/Source/tasks.o
                0x080036fc                xTaskCreate
 .text.prvInitialiseNewTask
                0x08003786      0x120 ./Middlewares/Third_Party/FreeRTOS/Source/tasks.o
 *fill*         0x080038a6        0x2 
 .text.prvAddNewTaskToReadyList
                0x080038a8       0xe0 ./Middlewares/Third_Party/FreeRTOS/Source/tasks.o
 .text.vTaskDelay
                0x08003988       0x6c ./Middlewares/Third_Party/FreeRTOS/Source/tasks.o
                0x08003988                vTaskDelay
 .text.vTaskStartScheduler
                0x080039f4       0xd0 ./Middlewares/Third_Party/FreeRTOS/Source/tasks.o
                0x080039f4                vTaskStartScheduler
 .text.vTaskSuspendAll
                0x08003ac4       0x1c ./Middlewares/Third_Party/FreeRTOS/Source/tasks.o
                0x08003ac4                vTaskSuspendAll
 .text.xTaskResumeAll
                0x08003ae0      0x13c ./Middlewares/Third_Party/FreeRTOS/Source/tasks.o
                0x08003ae0                xTaskResumeAll
 .text.xTaskGetTickCount
                0x08003c1c       0x20 ./Middlewares/Third_Party/FreeRTOS/Source/tasks.o
                0x08003c1c                xTaskGetTickCount
 .text.xTaskIncrementTick
                0x08003c3c      0x174 ./Middlewares/Third_Party/FreeRTOS/Source/tasks.o
                0x08003c3c                xTaskIncrementTick
 .text.vTaskSwitchContext
                0x08003db0       0xbc ./Middlewares/Third_Party/FreeRTOS/Source/tasks.o
                0x08003db0                vTaskSwitchContext
 .text.vTaskPlaceOnEventList
                0x08003e6c       0x4c ./Middlewares/Third_Party/FreeRTOS/Source/tasks.o
                0x08003e6c                vTaskPlaceOnEventList
 .text.vTaskPlaceOnEventListRestricted
                0x08003eb8       0x58 ./Middlewares/Third_Party/FreeRTOS/Source/tasks.o
                0x08003eb8                vTaskPlaceOnEventListRestricted
 .text.xTaskRemoveFromEventList
                0x08003f10       0xc8 ./Middlewares/Third_Party/FreeRTOS/Source/tasks.o
                0x08003f10                xTaskRemoveFromEventList
 .text.vTaskInternalSetTimeOutState
                0x08003fd8       0x2c ./Middlewares/Third_Party/FreeRTOS/Source/tasks.o
                0x08003fd8                vTaskInternalSetTimeOutState
 .text.xTaskCheckForTimeOut
                0x08004004       0xc8 ./Middlewares/Third_Party/FreeRTOS/Source/tasks.o
                0x08004004                xTaskCheckForTimeOut
 .text.vTaskMissedYield
                0x080040cc       0x18 ./Middlewares/Third_Party/FreeRTOS/Source/tasks.o
                0x080040cc                vTaskMissedYield
 .text.prvIdleTask
                0x080040e4       0x30 ./Middlewares/Third_Party/FreeRTOS/Source/tasks.o
 .text.prvInitialiseTaskLists
                0x08004114       0x80 ./Middlewares/Third_Party/FreeRTOS/Source/tasks.o
 .text.prvCheckTasksWaitingTermination
                0x08004194       0x5c ./Middlewares/Third_Party/FreeRTOS/Source/tasks.o
 .text.prvDeleteTCB
                0x080041f0       0x60 ./Middlewares/Third_Party/FreeRTOS/Source/tasks.o
 .text.prvResetNextTaskUnblockTime
                0x08004250       0x40 ./Middlewares/Third_Party/FreeRTOS/Source/tasks.o
 .text.xTaskGetCurrentTaskHandle
                0x08004290       0x20 ./Middlewares/Third_Party/FreeRTOS/Source/tasks.o
                0x08004290                xTaskGetCurrentTaskHandle
 .text.xTaskGetSchedulerState
                0x080042b0       0x3c ./Middlewares/Third_Party/FreeRTOS/Source/tasks.o
                0x080042b0                xTaskGetSchedulerState
 .text.xTaskPriorityInherit
                0x080042ec       0xd0 ./Middlewares/Third_Party/FreeRTOS/Source/tasks.o
                0x080042ec                xTaskPriorityInherit
 .text.xTaskPriorityDisinherit
                0x080043bc       0xe0 ./Middlewares/Third_Party/FreeRTOS/Source/tasks.o
                0x080043bc                xTaskPriorityDisinherit
 .text.vTaskPriorityDisinheritAfterTimeout
                0x0800449c      0x108 ./Middlewares/Third_Party/FreeRTOS/Source/tasks.o
                0x0800449c                vTaskPriorityDisinheritAfterTimeout
 .text.pvTaskIncrementMutexHeldCount
                0x080045a4       0x28 ./Middlewares/Third_Party/FreeRTOS/Source/tasks.o
                0x080045a4                pvTaskIncrementMutexHeldCount
 .text.prvAddCurrentTaskToDelayedList
                0x080045cc       0xa8 ./Middlewares/Third_Party/FreeRTOS/Source/tasks.o
 .text.xTimerCreateTimerTask
                0x08004674       0x94 ./Middlewares/Third_Party/FreeRTOS/Source/timers.o
                0x08004674                xTimerCreateTimerTask
 .text.xTimerGenericCommand
                0x08004708       0x9c ./Middlewares/Third_Party/FreeRTOS/Source/timers.o
                0x08004708                xTimerGenericCommand
 .text.prvProcessExpiredTimer
                0x080047a4       0x9c ./Middlewares/Third_Party/FreeRTOS/Source/timers.o
 .text.prvTimerTask
                0x08004840       0x26 ./Middlewares/Third_Party/FreeRTOS/Source/timers.o
 *fill*         0x08004866        0x2 
 .text.prvProcessTimerOrBlockTask
                0x08004868       0x9c ./Middlewares/Third_Party/FreeRTOS/Source/timers.o
 .text.prvGetNextExpireTime
                0x08004904       0x48 ./Middlewares/Third_Party/FreeRTOS/Source/timers.o
 .text.prvSampleTimeNow
                0x0800494c       0x40 ./Middlewares/Third_Party/FreeRTOS/Source/timers.o
 .text.prvInsertTimerInActiveList
                0x0800498c       0x84 ./Middlewares/Third_Party/FreeRTOS/Source/timers.o
 .text.prvProcessReceivedCommands
                0x08004a10      0x1cc ./Middlewares/Third_Party/FreeRTOS/Source/timers.o
 .text.prvSwitchTimerLists
                0x08004bdc       0xcc ./Middlewares/Third_Party/FreeRTOS/Source/timers.o
 .text.prvCheckForValidListAndQueue
                0x08004ca8       0x80 ./Middlewares/Third_Party/FreeRTOS/Source/timers.o
 .text.pxPortInitialiseStack
                0x08004d28       0x68 ./Middlewares/Third_Party/FreeRTOS/Source/portable/GCC/ARM_CM4F/port.o
                0x08004d28                pxPortInitialiseStack
 .text.prvTaskExitError
                0x08004d90       0x5c ./Middlewares/Third_Party/FreeRTOS/Source/portable/GCC/ARM_CM4F/port.o
 *fill*         0x08004dec        0x4 
 .text.SVC_Handler
                0x08004df0       0x28 ./Middlewares/Third_Party/FreeRTOS/Source/portable/GCC/ARM_CM4F/port.o
                0x08004df0                SVC_Handler
 .text.prvPortStartFirstTask
                0x08004e18       0x28 ./Middlewares/Third_Party/FreeRTOS/Source/portable/GCC/ARM_CM4F/port.o
 .text.xPortStartScheduler
                0x08004e40      0x148 ./Middlewares/Third_Party/FreeRTOS/Source/portable/GCC/ARM_CM4F/port.o
                0x08004e40                xPortStartScheduler
 .text.vPortEnterCritical
                0x08004f88       0x64 ./Middlewares/Third_Party/FreeRTOS/Source/portable/GCC/ARM_CM4F/port.o
                0x08004f88                vPortEnterCritical
 .text.vPortExitCritical
                0x08004fec       0x54 ./Middlewares/Third_Party/FreeRTOS/Source/portable/GCC/ARM_CM4F/port.o
                0x08004fec                vPortExitCritical
 .text.PendSV_Handler
                0x08005040       0x68 ./Middlewares/Third_Party/FreeRTOS/Source/portable/GCC/ARM_CM4F/port.o
                0x08005040                PendSV_Handler
 .text.xPortSysTickHandler
                0x080050a8       0x44 ./Middlewares/Third_Party/FreeRTOS/Source/portable/GCC/ARM_CM4F/port.o
                0x080050a8                xPortSysTickHandler
 .text.vPortSetupTimerInterrupt
                0x080050ec       0x48 ./Middlewares/Third_Party/FreeRTOS/Source/portable/GCC/ARM_CM4F/port.o
                0x080050ec                vPortSetupTimerInterrupt
 .text.vPortEnableVFP
                0x08005134       0x14 ./Middlewares/Third_Party/FreeRTOS/Source/portable/GCC/ARM_CM4F/port.o
 .text.vPortValidateInterruptPriority
                0x08005148       0x84 ./Middlewares/Third_Party/FreeRTOS/Source/portable/GCC/ARM_CM4F/port.o
                0x08005148                vPortValidateInterruptPriority
 .text.pvPortMalloc
                0x080051cc      0x19c ./Middlewares/Third_Party/FreeRTOS/Source/portable/MemMang/heap_4.o
                0x080051cc                pvPortMalloc
 .text.vPortFree
                0x08005368       0xc8 ./Middlewares/Third_Party/FreeRTOS/Source/portable/MemMang/heap_4.o
                0x08005368                vPortFree
 .text.prvHeapInit
                0x08005430       0xc4 ./Middlewares/Third_Party/FreeRTOS/Source/portable/MemMang/heap_4.o
 .text.prvInsertBlockIntoFreeList
                0x080054f4       0xb4 ./Middlewares/Third_Party/FreeRTOS/Source/portable/MemMang/heap_4.o
 .text.memset   0x080055a8       0x10 C:/ST/STM32CubeIDE_1.18.1/STM32CubeIDE/plugins/com.st.stm32cube.ide.mcu.externaltools.gnu-tools-for-stm32.13.3.rel1.win32_1.0.0.202411081344/tools/bin/../lib/gcc/arm-none-eabi/13.3.1/../../../../arm-none-eabi/lib/thumb/v7e-m+fp/hard\libc_nano.a(libc_a-memset.o)
                0x080055a8                memset
 .text.__libc_init_array
                0x080055b8       0x48 C:/ST/STM32CubeIDE_1.18.1/STM32CubeIDE/plugins/com.st.stm32cube.ide.mcu.externaltools.gnu-tools-for-stm32.13.3.rel1.win32_1.0.0.202411081344/tools/bin/../lib/gcc/arm-none-eabi/13.3.1/../../../../arm-none-eabi/lib/thumb/v7e-m+fp/hard\libc_nano.a(libc_a-init.o)
                0x080055b8                __libc_init_array
 .text.memcpy   0x08005600       0x1c C:/ST/STM32CubeIDE_1.18.1/STM32CubeIDE/plugins/com.st.stm32cube.ide.mcu.externaltools.gnu-tools-for-stm32.13.3.rel1.win32_1.0.0.202411081344/tools/bin/../lib/gcc/arm-none-eabi/13.3.1/../../../../arm-none-eabi/lib/thumb/v7e-m+fp/hard\libc_nano.a(libc_a-memcpy-stub.o)
                0x08005600                memcpy
 *(.glue_7)
 .glue_7        0x0800561c        0x0 linker stubs
 *(.glue_7t)
 .glue_7t       0x0800561c        0x0 linker stubs
 *(.eh_frame)
 .eh_frame      0x0800561c        0x0 C:/ST/STM32CubeIDE_1.18.1/STM32CubeIDE/plugins/com.st.stm32cube.ide.mcu.externaltools.gnu-tools-for-stm32.13.3.rel1.win32_1.0.0.202411081344/tools/bin/../lib/gcc/arm-none-eabi/13.3.1/thumb/v7e-m+fp/hard/crtbegin.o
 *(.init)
 .init          0x0800561c        0x4 C:/ST/STM32CubeIDE_1.18.1/STM32CubeIDE/plugins/com.st.stm32cube.ide.mcu.externaltools.gnu-tools-for-stm32.13.3.rel1.win32_1.0.0.202411081344/tools/bin/../lib/gcc/arm-none-eabi/13.3.1/thumb/v7e-m+fp/hard/crti.o
                0x0800561c                _init
 .init          0x08005620        0x8 C:/ST/STM32CubeIDE_1.18.1/STM32CubeIDE/plugins/com.st.stm32cube.ide.mcu.externaltools.gnu-tools-for-stm32.13.3.rel1.win32_1.0.0.202411081344/tools/bin/../lib/gcc/arm-none-eabi/13.3.1/thumb/v7e-m+fp/hard/crtn.o
 *(.fini)
 .fini          0x08005628        0x4 C:/ST/STM32CubeIDE_1.18.1/STM32CubeIDE/plugins/com.st.stm32cube.ide.mcu.externaltools.gnu-tools-for-stm32.13.3.rel1.win32_1.0.0.202411081344/tools/bin/../lib/gcc/arm-none-eabi/13.3.1/thumb/v7e-m+fp/hard/crti.o
                0x08005628                _fini
 .fini          0x0800562c        0x8 C:/ST/STM32CubeIDE_1.18.1/STM32CubeIDE/plugins/com.st.stm32cube.ide.mcu.externaltools.gnu-tools-for-stm32.13.3.rel1.win32_1.0.0.202411081344/tools/bin/../lib/gcc/arm-none-eabi/13.3.1/thumb/v7e-m+fp/hard/crtn.o
                0x08005634                        . = ALIGN (0x4)
                0x08005634                        _etext = .

.vfp11_veneer   0x08005634        0x0
 .vfp11_veneer  0x08005634        0x0 linker stubs

.v4_bx          0x08005634        0x0
 .v4_bx         0x08005634        0x0 linker stubs

.iplt           0x08005634        0x0
 .iplt          0x08005634        0x0 C:/ST/STM32CubeIDE_1.18.1/STM32CubeIDE/plugins/com.st.stm32cube.ide.mcu.externaltools.gnu-tools-for-stm32.13.3.rel1.win32_1.0.0.202411081344/tools/bin/../lib/gcc/arm-none-eabi/13.3.1/thumb/v7e-m+fp/hard/crtbegin.o

.rodata         0x08005634       0xd8
                0x08005634                        . = ALIGN (0x4)
 *(.rodata)
 .rodata        0x08005634       0x81 ./Core/Src/main.o
 *fill*         0x080056b5        0x3 
 .rodata        0x080056b8        0x5 ./Middlewares/Third_Party/FreeRTOS/Source/tasks.o
 *fill*         0x080056bd        0x3 
 .rodata        0x080056c0        0xd ./Middlewares/Third_Party/FreeRTOS/Source/timers.o
 *(.rodata*)
 *fill*         0x080056cd        0x3 
 .rodata.defaultTask_attributes
                0x080056d0       0x24 ./Core/Src/main.o
                0x080056d0                defaultTask_attributes
 .rodata.AHBPrescTable
                0x080056f4       0x10 ./Core/Src/system_stm32f4xx.o
                0x080056f4                AHBPrescTable
 .rodata.APBPrescTable
                0x08005704        0x8 ./Core/Src/system_stm32f4xx.o
                0x08005704                APBPrescTable
                0x0800570c                        . = ALIGN (0x4)

.ARM.extab      0x0800570c        0x0
                0x0800570c                        . = ALIGN (0x4)
 *(.ARM.extab* .gnu.linkonce.armextab.*)
                0x0800570c                        . = ALIGN (0x4)

.ARM            0x0800570c        0x8
                0x0800570c                        . = ALIGN (0x4)
                0x0800570c                        __exidx_start = .
 *(.ARM.exidx*)
 .ARM.exidx     0x0800570c        0x8 C:/ST/STM32CubeIDE_1.18.1/STM32CubeIDE/plugins/com.st.stm32cube.ide.mcu.externaltools.gnu-tools-for-stm32.13.3.rel1.win32_1.0.0.202411081344/tools/bin/../lib/gcc/arm-none-eabi/13.3.1/../../../../arm-none-eabi/lib/thumb/v7e-m+fp/hard\libc_nano.a(libc_a-strlen.o)
 .ARM.exidx     0x08005714        0x0 C:/ST/STM32CubeIDE_1.18.1/STM32CubeIDE/plugins/com.st.stm32cube.ide.mcu.externaltools.gnu-tools-for-stm32.13.3.rel1.win32_1.0.0.202411081344/tools/bin/../lib/gcc/arm-none-eabi/13.3.1/thumb/v7e-m+fp/hard\libgcc.a(_udivmoddi4.o)
                                  0x8 (size before relaxing)
                0x08005714                        __exidx_end = .
                0x08005714                        . = ALIGN (0x4)

.preinit_array  0x08005714        0x0
                0x08005714                        . = ALIGN (0x4)
                0x08005714                        PROVIDE (__preinit_array_start = .)
 *(.preinit_array*)
                0x08005714                        PROVIDE (__preinit_array_end = .)
                0x08005714                        . = ALIGN (0x4)

.init_array     0x08005714        0x4
                0x08005714                        . = ALIGN (0x4)
                0x08005714                        PROVIDE (__init_array_start = .)
 *(SORT_BY_NAME(.init_array.*))
 *(.init_array*)
 .init_array    0x08005714        0x4 C:/ST/STM32CubeIDE_1.18.1/STM32CubeIDE/plugins/com.st.stm32cube.ide.mcu.externaltools.gnu-tools-for-stm32.13.3.rel1.win32_1.0.0.202411081344/tools/bin/../lib/gcc/arm-none-eabi/13.3.1/thumb/v7e-m+fp/hard/crtbegin.o
                0x08005718                        PROVIDE (__init_array_end = .)
                0x08005718                        . = ALIGN (0x4)

.fini_array     0x08005718        0x4
                0x08005718                        . = ALIGN (0x4)
                [!provide]                        PROVIDE (__fini_array_start = .)
 *(SORT_BY_NAME(.fini_array.*))
 *(.fini_array*)
 .fini_array    0x08005718        0x4 C:/ST/STM32CubeIDE_1.18.1/STM32CubeIDE/plugins/com.st.stm32cube.ide.mcu.externaltools.gnu-tools-for-stm32.13.3.rel1.win32_1.0.0.202411081344/tools/bin/../lib/gcc/arm-none-eabi/13.3.1/thumb/v7e-m+fp/hard/crtbegin.o
                [!provide]                        PROVIDE (__fini_array_end = .)
                0x0800571c                        . = ALIGN (0x4)
                0x0800571c                        _sidata = LOADADDR (.data)

.rel.dyn        0x0800571c        0x0
 .rel.iplt      0x0800571c        0x0 C:/ST/STM32CubeIDE_1.18.1/STM32CubeIDE/plugins/com.st.stm32cube.ide.mcu.externaltools.gnu-tools-for-stm32.13.3.rel1.win32_1.0.0.202411081344/tools/bin/../lib/gcc/arm-none-eabi/13.3.1/thumb/v7e-m+fp/hard/crtbegin.o

.data           0x20000000       0x10 load address 0x0800571c
                0x20000000                        . = ALIGN (0x4)
                0x20000000                        _sdata = .
 *(.data)
 *(.data*)
 .data.SystemCoreClock
                0x20000000        0x4 ./Core/Src/system_stm32f4xx.o
                0x20000000                SystemCoreClock
 .data.uwTickPrio
                0x20000004        0x4 ./Drivers/STM32F4xx_HAL_Driver/Src/stm32f4xx_hal.o
                0x20000004                uwTickPrio
 .data.uwTickFreq
                0x20000008        0x1 ./Drivers/STM32F4xx_HAL_Driver/Src/stm32f4xx_hal.o
                0x20000008                uwTickFreq
 *fill*         0x20000009        0x3 
 .data.uxCriticalNesting
                0x2000000c        0x4 ./Middlewares/Third_Party/FreeRTOS/Source/portable/GCC/ARM_CM4F/port.o
 *(.RamFunc)
 *(.RamFunc*)
                0x20000010                        . = ALIGN (0x4)
                0x20000010                        _edata = .

.igot.plt       0x20000010        0x0 load address 0x0800572c
 .igot.plt      0x20000010        0x0 C:/ST/STM32CubeIDE_1.18.1/STM32CubeIDE/plugins/com.st.stm32cube.ide.mcu.externaltools.gnu-tools-for-stm32.13.3.rel1.win32_1.0.0.202411081344/tools/bin/../lib/gcc/arm-none-eabi/13.3.1/thumb/v7e-m+fp/hard/crtbegin.o
                0x20000010                        . = ALIGN (0x4)

.bss            0x20000010     0x49c0 load address 0x0800572c
                0x20000010                        _sbss = .
                0x20000010                        __bss_start__ = _sbss
 *(.bss)
 .bss           0x20000010       0x1c C:/ST/STM32CubeIDE_1.18.1/STM32CubeIDE/plugins/com.st.stm32cube.ide.mcu.externaltools.gnu-tools-for-stm32.13.3.rel1.win32_1.0.0.202411081344/tools/bin/../lib/gcc/arm-none-eabi/13.3.1/thumb/v7e-m+fp/hard/crtbegin.o
 *(.bss*)
 .bss.huart2    0x2000002c       0x48 ./Core/Src/main.o
                0x2000002c                huart2
 .bss.defaultTaskHandle
                0x20000074        0x4 ./Core/Src/main.o
                0x20000074                defaultTaskHandle
 .bss.uartMutexHandle
                0x20000078        0x4 ./Core/Src/main.o
                0x20000078                uartMutexHandle
 .bss.uwTick    0x2000007c        0x4 ./Drivers/STM32F4xx_HAL_Driver/Src/stm32f4xx_hal.o
                0x2000007c                uwTick
 .bss.KernelState
                0x20000080        0x4 ./Middlewares/Third_Party/FreeRTOS/Source/CMSIS_RTOS_V2/cmsis_os2.o
 .bss.Idle_TCB.3
                0x20000084       0x5c ./Middlewares/Third_Party/FreeRTOS/Source/CMSIS_RTOS_V2/cmsis_os2.o
 .bss.Idle_Stack.2
                0x200000e0      0x200 ./Middlewares/Third_Party/FreeRTOS/Source/CMSIS_RTOS_V2/cmsis_os2.o
 .bss.Timer_TCB.1
                0x200002e0       0x5c ./Middlewares/Third_Party/FreeRTOS/Source/CMSIS_RTOS_V2/cmsis_os2.o
 .bss.Timer_Stack.0
                0x2000033c      0x400 ./Middlewares/Third_Party/FreeRTOS/Source/CMSIS_RTOS_V2/cmsis_os2.o
 .bss.xQueueRegistry
                0x2000073c       0x40 ./Middlewares/Third_Party/FreeRTOS/Source/queue.o
                0x2000073c                xQueueRegistry
 .bss.pxCurrentTCB
                0x2000077c        0x4 ./Middlewares/Third_Party/FreeRTOS/Source/tasks.o
                0x2000077c                pxCurrentTCB
 .bss.pxReadyTasksLists
                0x20000780      0x460 ./Middlewares/Third_Party/FreeRTOS/Source/tasks.o
 .bss.xDelayedTaskList1
                0x20000be0       0x14 ./Middlewares/Third_Party/FreeRTOS/Source/tasks.o
 .bss.xDelayedTaskList2
                0x20000bf4       0x14 ./Middlewares/Third_Party/FreeRTOS/Source/tasks.o
 .bss.pxDelayedTaskList
                0x20000c08        0x4 ./Middlewares/Third_Party/FreeRTOS/Source/tasks.o
 .bss.pxOverflowDelayedTaskList
                0x20000c0c        0x4 ./Middlewares/Third_Party/FreeRTOS/Source/tasks.o
 .bss.xPendingReadyList
                0x20000c10       0x14 ./Middlewares/Third_Party/FreeRTOS/Source/tasks.o
 .bss.xTasksWaitingTermination
                0x20000c24       0x14 ./Middlewares/Third_Party/FreeRTOS/Source/tasks.o
 .bss.uxDeletedTasksWaitingCleanUp
                0x20000c38        0x4 ./Middlewares/Third_Party/FreeRTOS/Source/tasks.o
 .bss.xSuspendedTaskList
                0x20000c3c       0x14 ./Middlewares/Third_Party/FreeRTOS/Source/tasks.o
 .bss.uxCurrentNumberOfTasks
                0x20000c50        0x4 ./Middlewares/Third_Party/FreeRTOS/Source/tasks.o
 .bss.xTickCount
                0x20000c54        0x4 ./Middlewares/Third_Party/FreeRTOS/Source/tasks.o
 .bss.uxTopReadyPriority
                0x20000c58        0x4 ./Middlewares/Third_Party/FreeRTOS/Source/tasks.o
 .bss.xSchedulerRunning
                0x20000c5c        0x4 ./Middlewares/Third_Party/FreeRTOS/Source/tasks.o
 .bss.xPendedTicks
                0x20000c60        0x4 ./Middlewares/Third_Party/FreeRTOS/Source/tasks.o
 .bss.xYieldPending
                0x20000c64        0x4 ./Middlewares/Third_Party/FreeRTOS/Source/tasks.o
 .bss.xNumOfOverflows
                0x20000c68        0x4 ./Middlewares/Third_Party/FreeRTOS/Source/tasks.o
 .bss.uxTaskNumber
                0x20000c6c        0x4 ./Middlewares/Third_Party/FreeRTOS/Source/tasks.o
 .bss.xNextTaskUnblockTime
                0x20000c70        0x4 ./Middlewares/Third_Party/FreeRTOS/Source/tasks.o
 .bss.xIdleTaskHandle
                0x20000c74        0x4 ./Middlewares/Third_Party/FreeRTOS/Source/tasks.o
 .bss.uxSchedulerSuspended
                0x20000c78        0x4 ./Middlewares/Third_Party/FreeRTOS/Source/tasks.o
 .bss.xActiveTimerList1
                0x20000c7c       0x14 ./Middlewares/Third_Party/FreeRTOS/Source/timers.o
 .bss.xActiveTimerList2
                0x20000c90       0x14 ./Middlewares/Third_Party/FreeRTOS/Source/timers.o
 .bss.pxCurrentTimerList
                0x20000ca4        0x4 ./Middlewares/Third_Party/FreeRTOS/Source/timers.o
 .bss.pxOverflowTimerList
                0x20000ca8        0x4 ./Middlewares/Third_Party/FreeRTOS/Source/timers.o
 .bss.xTimerQueue
                0x20000cac        0x4 ./Middlewares/Third_Party/FreeRTOS/Source/timers.o
 .bss.xTimerTaskHandle
                0x20000cb0        0x4 ./Middlewares/Third_Party/FreeRTOS/Source/timers.o
 .bss.xLastTime.2
                0x20000cb4        0x4 ./Middlewares/Third_Party/FreeRTOS/Source/timers.o
 .bss.ucStaticTimerQueueStorage.1
                0x20000cb8       0xa0 ./Middlewares/Third_Party/FreeRTOS/Source/timers.o
 .bss.xStaticTimerQueue.0
                0x20000d58       0x50 ./Middlewares/Third_Party/FreeRTOS/Source/timers.o
 .bss.ucMaxSysCallPriority
                0x20000da8        0x1 ./Middlewares/Third_Party/FreeRTOS/Source/portable/GCC/ARM_CM4F/port.o
 *fill*         0x20000da9        0x3 
 .bss.ulMaxPRIGROUPValue
                0x20000dac        0x4 ./Middlewares/Third_Party/FreeRTOS/Source/portable/GCC/ARM_CM4F/port.o
 .bss.ucHeap    0x20000db0     0x3c00 ./Middlewares/Third_Party/FreeRTOS/Source/portable/MemMang/heap_4.o
 .bss.xStart    0x200049b0        0x8 ./Middlewares/Third_Party/FreeRTOS/Source/portable/MemMang/heap_4.o
 .bss.pxEnd     0x200049b8        0x4 ./Middlewares/Third_Party/FreeRTOS/Source/portable/MemMang/heap_4.o
 .bss.xFreeBytesRemaining
                0x200049bc        0x4 ./Middlewares/Third_Party/FreeRTOS/Source/portable/MemMang/heap_4.o
 .bss.xMinimumEverFreeBytesRemaining
                0x200049c0        0x4 ./Middlewares/Third_Party/FreeRTOS/Source/portable/MemMang/heap_4.o
 .bss.xNumberOfSuccessfulAllocations
                0x200049c4        0x4 ./Middlewares/Third_Party/FreeRTOS/Source/portable/MemMang/heap_4.o
 .bss.xNumberOfSuccessfulFrees
                0x200049c8        0x4 ./Middlewares/Third_Party/FreeRTOS/Source/portable/MemMang/heap_4.o
 .bss.xBlockAllocatedBit
                0x200049cc        0x4 ./Middlewares/Third_Party/FreeRTOS/Source/portable/MemMang/heap_4.o
 *(COMMON)
                0x200049d0                        . = ALIGN (0x4)
                0x200049d0                        _ebss = .
                0x200049d0                        __bss_end__ = _ebss

._user_heap_stack
                0x200049d0      0x600 load address 0x0800572c
                0x200049d0                        . = ALIGN (0x8)
                [!provide]                        PROVIDE (end = .)
                0x200049d0                        PROVIDE (_end = .)
                0x20004bd0                        . = (. + _Min_Heap_Size)
 *fill*         0x200049d0      0x200 
                0x20004fd0                        . = (. + _Min_Stack_Size)
 *fill*         0x20004bd0      0x400 
                0x20004fd0                        . = ALIGN (0x8)

/DISCARD/
 libc.a(*)
 libm.a(*)
 libgcc.a(*)

.ARM.attributes
                0x00000000       0x30
 *(.ARM.attributes)
 .ARM.attributes
                0x00000000       0x22 C:/ST/STM32CubeIDE_1.18.1/STM32CubeIDE/plugins/com.st.stm32cube.ide.mcu.externaltools.gnu-tools-for-stm32.13.3.rel1.win32_1.0.0.202411081344/tools/bin/../lib/gcc/arm-none-eabi/13.3.1/thumb/v7e-m+fp/hard/crti.o
 .ARM.attributes
                0x00000022       0x34 C:/ST/STM32CubeIDE_1.18.1/STM32CubeIDE/plugins/com.st.stm32cube.ide.mcu.externaltools.gnu-tools-for-stm32.13.3.rel1.win32_1.0.0.202411081344/tools/bin/../lib/gcc/arm-none-eabi/13.3.1/thumb/v7e-m+fp/hard/crtbegin.o
 .ARM.attributes
                0x00000056       0x34 ./Core/Src/main.o
 .ARM.attributes
                0x0000008a       0x34 ./Core/Src/stm32f4xx_hal_msp.o
 .ARM.attributes
                0x000000be       0x34 ./Core/Src/stm32f4xx_it.o
 .ARM.attributes
                0x000000f2       0x34 ./Core/Src/system_stm32f4xx.o
 .ARM.attributes
                0x00000126       0x21 ./Core/Startup/startup_stm32f401retx.o
 .ARM.attributes
                0x00000147       0x34 ./Drivers/STM32F4xx_HAL_Driver/Src/stm32f4xx_hal.o
 .ARM.attributes
                0x0000017b       0x34 ./Drivers/STM32F4xx_HAL_Driver/Src/stm32f4xx_hal_cortex.o
 .ARM.attributes
                0x000001af       0x34 ./Drivers/STM32F4xx_HAL_Driver/Src/stm32f4xx_hal_gpio.o
 .ARM.attributes
                0x000001e3       0x34 ./Drivers/STM32F4xx_HAL_Driver/Src/stm32f4xx_hal_rcc.o
 .ARM.attributes
                0x00000217       0x34 ./Drivers/STM32F4xx_HAL_Driver/Src/stm32f4xx_hal_uart.o
 .ARM.attributes
                0x0000024b       0x34 ./Middlewares/Third_Party/FreeRTOS/Source/CMSIS_RTOS_V2/cmsis_os2.o
 .ARM.attributes
                0x0000027f       0x34 ./Middlewares/Third_Party/FreeRTOS/Source/list.o
 .ARM.attributes
                0x000002b3       0x34 ./Middlewares/Third_Party/FreeRTOS/Source/queue.o
 .ARM.attributes
                0x000002e7       0x34 ./Middlewares/Third_Party/FreeRTOS/Source/tasks.o
 .ARM.attributes
                0x0000031b       0x34 ./Middlewares/Third_Party/FreeRTOS/Source/timers.o
 .ARM.attributes
                0x0000034f       0x34 ./Middlewares/Third_Party/FreeRTOS/Source/portable/GCC/ARM_CM4F/port.o
 .ARM.attributes
                0x00000383       0x34 ./Middlewares/Third_Party/FreeRTOS/Source/portable/MemMang/heap_4.o
 .ARM.attributes
                0x000003b7       0x34 C:/ST/STM32CubeIDE_1.18.1/STM32CubeIDE/plugins/com.st.stm32cube.ide.mcu.externaltools.gnu-tools-for-stm32.13.3.rel1.win32_1.0.0.202411081344/tools/bin/../lib/gcc/arm-none-eabi/13.3.1/../../../../arm-none-eabi/lib/thumb/v7e-m+fp/hard\libc_nano.a(libc_a-memset.o)
 .ARM.attributes
                0x000003eb       0x34 C:/ST/STM32CubeIDE_1.18.1/STM32CubeIDE/plugins/com.st.stm32cube.ide.mcu.externaltools.gnu-tools-for-stm32.13.3.rel1.win32_1.0.0.202411081344/tools/bin/../lib/gcc/arm-none-eabi/13.3.1/../../../../arm-none-eabi/lib/thumb/v7e-m+fp/hard\libc_nano.a(libc_a-init.o)
 .ARM.attributes
                0x0000041f       0x34 C:/ST/STM32CubeIDE_1.18.1/STM32CubeIDE/plugins/com.st.stm32cube.ide.mcu.externaltools.gnu-tools-for-stm32.13.3.rel1.win32_1.0.0.202411081344/tools/bin/../lib/gcc/arm-none-eabi/13.3.1/../../../../arm-none-eabi/lib/thumb/v7e-m+fp/hard\libc_nano.a(libc_a-memcpy-stub.o)
 .ARM.attributes
                0x00000453       0x17 C:/ST/STM32CubeIDE_1.18.1/STM32CubeIDE/plugins/com.st.stm32cube.ide.mcu.externaltools.gnu-tools-for-stm32.13.3.rel1.win32_1.0.0.202411081344/tools/bin/../lib/gcc/arm-none-eabi/13.3.1/../../../../arm-none-eabi/lib/thumb/v7e-m+fp/hard\libc_nano.a(libc_a-strlen.o)
 .ARM.attributes
                0x0000046a       0x22 C:/ST/STM32CubeIDE_1.18.1/STM32CubeIDE/plugins/com.st.stm32cube.ide.mcu.externaltools.gnu-tools-for-stm32.13.3.rel1.win32_1.0.0.202411081344/tools/bin/../lib/gcc/arm-none-eabi/13.3.1/thumb/v7e-m+fp/hard\libgcc.a(_aeabi_uldivmod.o)
 .ARM.attributes
                0x0000048c       0x34 C:/ST/STM32CubeIDE_1.18.1/STM32CubeIDE/plugins/com.st.stm32cube.ide.mcu.externaltools.gnu-tools-for-stm32.13.3.rel1.win32_1.0.0.202411081344/tools/bin/../lib/gcc/arm-none-eabi/13.3.1/thumb/v7e-m+fp/hard\libgcc.a(_udivmoddi4.o)
 .ARM.attributes
                0x000004c0       0x22 C:/ST/STM32CubeIDE_1.18.1/STM32CubeIDE/plugins/com.st.stm32cube.ide.mcu.externaltools.gnu-tools-for-stm32.13.3.rel1.win32_1.0.0.202411081344/tools/bin/../lib/gcc/arm-none-eabi/13.3.1/thumb/v7e-m+fp/hard\libgcc.a(_dvmd_tls.o)
 .ARM.attributes
                0x000004e2       0x22 C:/ST/STM32CubeIDE_1.18.1/STM32CubeIDE/plugins/com.st.stm32cube.ide.mcu.externaltools.gnu-tools-for-stm32.13.3.rel1.win32_1.0.0.202411081344/tools/bin/../lib/gcc/arm-none-eabi/13.3.1/thumb/v7e-m+fp/hard/crtn.o
OUTPUT(MyProject_FreeRTOS_Mutex.elf elf32-littlearm)
LOAD linker stubs
LOAD C:/ST/STM32CubeIDE_1.18.1/STM32CubeIDE/plugins/com.st.stm32cube.ide.mcu.externaltools.gnu-tools-for-stm32.13.3.rel1.win32_1.0.0.202411081344/tools/bin/../lib/gcc/arm-none-eabi/13.3.1/../../../../arm-none-eabi/lib/thumb/v7e-m+fp/hard\libc.a
LOAD C:/ST/STM32CubeIDE_1.18.1/STM32CubeIDE/plugins/com.st.stm32cube.ide.mcu.externaltools.gnu-tools-for-stm32.13.3.rel1.win32_1.0.0.202411081344/tools/bin/../lib/gcc/arm-none-eabi/13.3.1/../../../../arm-none-eabi/lib/thumb/v7e-m+fp/hard\libm.a
LOAD C:/ST/STM32CubeIDE_1.18.1/STM32CubeIDE/plugins/com.st.stm32cube.ide.mcu.externaltools.gnu-tools-for-stm32.13.3.rel1.win32_1.0.0.202411081344/tools/bin/../lib/gcc/arm-none-eabi/13.3.1/thumb/v7e-m+fp/hard\libgcc.a

.debug_info     0x00000000    0x10f22
 .debug_info    0x00000000     0x10b7 ./Core/Src/main.o
 .debug_info    0x000010b7      0xad3 ./Core/Src/stm32f4xx_hal_msp.o
 .debug_info    0x00001b8a      0x11a ./Core/Src/stm32f4xx_it.o
 .debug_info    0x00001ca4      0x53e ./Core/Src/system_stm32f4xx.o
 .debug_info    0x000021e2       0x30 ./Core/Startup/startup_stm32f401retx.o
 .debug_info    0x00002212      0x8bb ./Drivers/STM32F4xx_HAL_Driver/Src/stm32f4xx_hal.o
 .debug_info    0x00002acd      0xcf6 ./Drivers/STM32F4xx_HAL_Driver/Src/stm32f4xx_hal_cortex.o
 .debug_info    0x000037c3      0x6f9 ./Drivers/STM32F4xx_HAL_Driver/Src/stm32f4xx_hal_gpio.o
 .debug_info    0x00003ebc      0x905 ./Drivers/STM32F4xx_HAL_Driver/Src/stm32f4xx_hal_rcc.o
 .debug_info    0x000047c1     0x2f56 ./Drivers/STM32F4xx_HAL_Driver/Src/stm32f4xx_hal_uart.o
 .debug_info    0x00007717     0x39bc ./Middlewares/Third_Party/FreeRTOS/Source/CMSIS_RTOS_V2/cmsis_os2.o
 .debug_info    0x0000b0d3      0x2af ./Middlewares/Third_Party/FreeRTOS/Source/list.o
 .debug_info    0x0000b382     0x1b79 ./Middlewares/Third_Party/FreeRTOS/Source/queue.o
 .debug_info    0x0000cefb     0x21ec ./Middlewares/Third_Party/FreeRTOS/Source/tasks.o
 .debug_info    0x0000f0e7     0x1488 ./Middlewares/Third_Party/FreeRTOS/Source/timers.o
 .debug_info    0x0001056f      0x4de ./Middlewares/Third_Party/FreeRTOS/Source/portable/GCC/ARM_CM4F/port.o
 .debug_info    0x00010a4d      0x4d5 ./Middlewares/Third_Party/FreeRTOS/Source/portable/MemMang/heap_4.o

.debug_abbrev   0x00000000     0x289c
 .debug_abbrev  0x00000000      0x2ee ./Core/Src/main.o
 .debug_abbrev  0x000002ee      0x1c9 ./Core/Src/stm32f4xx_hal_msp.o
 .debug_abbrev  0x000004b7       0x97 ./Core/Src/stm32f4xx_it.o
 .debug_abbrev  0x0000054e      0x11a ./Core/Src/system_stm32f4xx.o
 .debug_abbrev  0x00000668       0x24 ./Core/Startup/startup_stm32f401retx.o
 .debug_abbrev  0x0000068c      0x24b ./Drivers/STM32F4xx_HAL_Driver/Src/stm32f4xx_hal.o
 .debug_abbrev  0x000008d7      0x31d ./Drivers/STM32F4xx_HAL_Driver/Src/stm32f4xx_hal_cortex.o
 .debug_abbrev  0x00000bf4      0x1d3 ./Drivers/STM32F4xx_HAL_Driver/Src/stm32f4xx_hal_gpio.o
 .debug_abbrev  0x00000dc7      0x2b6 ./Drivers/STM32F4xx_HAL_Driver/Src/stm32f4xx_hal_rcc.o
 .debug_abbrev  0x0000107d      0x31b ./Drivers/STM32F4xx_HAL_Driver/Src/stm32f4xx_hal_uart.o
 .debug_abbrev  0x00001398      0x508 ./Middlewares/Third_Party/FreeRTOS/Source/CMSIS_RTOS_V2/cmsis_os2.o
 .debug_abbrev  0x000018a0       0xf5 ./Middlewares/Third_Party/FreeRTOS/Source/list.o
 .debug_abbrev  0x00001995      0x3b6 ./Middlewares/Third_Party/FreeRTOS/Source/queue.o
 .debug_abbrev  0x00001d4b      0x386 ./Middlewares/Third_Party/FreeRTOS/Source/tasks.o
 .debug_abbrev  0x000020d1      0x352 ./Middlewares/Third_Party/FreeRTOS/Source/timers.o
 .debug_abbrev  0x00002423      0x25c ./Middlewares/Third_Party/FreeRTOS/Source/portable/GCC/ARM_CM4F/port.o
 .debug_abbrev  0x0000267f      0x21d ./Middlewares/Third_Party/FreeRTOS/Source/portable/MemMang/heap_4.o

.debug_aranges  0x00000000      0xe40
 .debug_aranges
                0x00000000       0x58 ./Core/Src/main.o
 .debug_aranges
                0x00000058       0x30 ./Core/Src/stm32f4xx_hal_msp.o
 .debug_aranges
                0x00000088       0x50 ./Core/Src/stm32f4xx_it.o
 .debug_aranges
                0x000000d8       0x28 ./Core/Src/system_stm32f4xx.o
 .debug_aranges
                0x00000100       0x28 ./Core/Startup/startup_stm32f401retx.o
 .debug_aranges
                0x00000128       0xf0 ./Drivers/STM32F4xx_HAL_Driver/Src/stm32f4xx_hal.o
 .debug_aranges
                0x00000218      0x130 ./Drivers/STM32F4xx_HAL_Driver/Src/stm32f4xx_hal_cortex.o
 .debug_aranges
                0x00000348       0x58 ./Drivers/STM32F4xx_HAL_Driver/Src/stm32f4xx_hal_gpio.o
 .debug_aranges
                0x000003a0       0x88 ./Drivers/STM32F4xx_HAL_Driver/Src/stm32f4xx_hal_rcc.o
 .debug_aranges
                0x00000428      0x208 ./Drivers/STM32F4xx_HAL_Driver/Src/stm32f4xx_hal_uart.o
 .debug_aranges
                0x00000630      0x2a8 ./Middlewares/Third_Party/FreeRTOS/Source/CMSIS_RTOS_V2/cmsis_os2.o
 .debug_aranges
                0x000008d8       0x40 ./Middlewares/Third_Party/FreeRTOS/Source/list.o
 .debug_aranges
                0x00000918      0x158 ./Middlewares/Third_Party/FreeRTOS/Source/queue.o
 .debug_aranges
                0x00000a70      0x208 ./Middlewares/Third_Party/FreeRTOS/Source/tasks.o
 .debug_aranges
                0x00000c78       0xf0 ./Middlewares/Third_Party/FreeRTOS/Source/timers.o
 .debug_aranges
                0x00000d68       0x80 ./Middlewares/Third_Party/FreeRTOS/Source/portable/GCC/ARM_CM4F/port.o
 .debug_aranges
                0x00000de8       0x58 ./Middlewares/Third_Party/FreeRTOS/Source/portable/MemMang/heap_4.o

.debug_rnglists
                0x00000000      0xaf1
 .debug_rnglists
                0x00000000       0x40 ./Core/Src/main.o
 .debug_rnglists
                0x00000040       0x20 ./Core/Src/stm32f4xx_hal_msp.o
 .debug_rnglists
                0x00000060       0x37 ./Core/Src/stm32f4xx_it.o
 .debug_rnglists
                0x00000097       0x1a ./Core/Src/system_stm32f4xx.o
 .debug_rnglists
                0x000000b1       0x19 ./Core/Startup/startup_stm32f401retx.o
 .debug_rnglists
                0x000000ca       0xaf ./Drivers/STM32F4xx_HAL_Driver/Src/stm32f4xx_hal.o
 .debug_rnglists
                0x00000179       0xe0 ./Drivers/STM32F4xx_HAL_Driver/Src/stm32f4xx_hal_cortex.o
 .debug_rnglists
                0x00000259       0x3f ./Drivers/STM32F4xx_HAL_Driver/Src/stm32f4xx_hal_gpio.o
 .debug_rnglists
                0x00000298       0x66 ./Drivers/STM32F4xx_HAL_Driver/Src/stm32f4xx_hal_rcc.o
 .debug_rnglists
                0x000002fe      0x1bc ./Drivers/STM32F4xx_HAL_Driver/Src/stm32f4xx_hal_uart.o
 .debug_rnglists
                0x000004ba      0x20c ./Middlewares/Third_Party/FreeRTOS/Source/CMSIS_RTOS_V2/cmsis_os2.o
 .debug_rnglists
                0x000006c6       0x2b ./Middlewares/Third_Party/FreeRTOS/Source/list.o
 .debug_rnglists
                0x000006f1      0x109 ./Middlewares/Third_Party/FreeRTOS/Source/queue.o
 .debug_rnglists
                0x000007fa      0x1a0 ./Middlewares/Third_Party/FreeRTOS/Source/tasks.o
 .debug_rnglists
                0x0000099a       0xb8 ./Middlewares/Third_Party/FreeRTOS/Source/timers.o
 .debug_rnglists
                0x00000a52       0x5d ./Middlewares/Third_Party/FreeRTOS/Source/portable/GCC/ARM_CM4F/port.o
 .debug_rnglists
                0x00000aaf       0x42 ./Middlewares/Third_Party/FreeRTOS/Source/portable/MemMang/heap_4.o

.debug_macro    0x00000000     0x3273
 .debug_macro   0x00000000      0x361 ./Core/Src/main.o
 .debug_macro   0x00000361      0x169 ./Core/Src/main.o
 .debug_macro   0x000004ca       0x66 ./Core/Src/main.o
 .debug_macro   0x00000530       0x74 ./Core/Src/main.o
 .debug_macro   0x000005a4       0xdd ./Core/Src/main.o
 .debug_macro   0x00000681       0x61 ./Core/Src/main.o
 .debug_macro   0x000006e2       0x2a ./Core/Src/main.o
 .debug_macro   0x0000070c       0x43 ./Core/Src/main.o
 .debug_macro   0x0000074f       0x34 ./Core/Src/main.o
 .debug_macro   0x00000783       0x16 ./Core/Src/main.o
 .debug_macro   0x00000799       0x3c ./Core/Src/main.o
 .debug_macro   0x000007d5      0x370 ./Core/Src/main.o
 .debug_macro   0x00000b45       0x10 ./Core/Src/main.o
 .debug_macro   0x00000b55       0x16 ./Core/Src/main.o
 .debug_macro   0x00000b6b       0x4a ./Core/Src/main.o
 .debug_macro   0x00000bb5       0x34 ./Core/Src/main.o
 .debug_macro   0x00000be9       0x10 ./Core/Src/main.o
 .debug_macro   0x00000bf9       0x58 ./Core/Src/main.o
 .debug_macro   0x00000c51       0x8e ./Core/Src/main.o
 .debug_macro   0x00000cdf       0x1c ./Core/Src/main.o
 .debug_macro   0x00000cfb      0x185 ./Core/Src/main.o
 .debug_macro   0x00000e80       0x16 ./Core/Src/main.o
 .debug_macro   0x00000e96       0x16 ./Core/Src/main.o
 .debug_macro   0x00000eac      0x146 ./Core/Src/main.o
 .debug_macro   0x00000ff2       0x16 ./Core/Src/main.o
 .debug_macro   0x00001008       0x20 ./Core/Src/main.o
 .debug_macro   0x00001028      0x1c9 ./Core/Src/stm32f4xx_hal_msp.o
 .debug_macro   0x000011f1      0x23b ./Core/Src/stm32f4xx_it.o
 .debug_macro   0x0000142c      0x1ba ./Core/Src/system_stm32f4xx.o
 .debug_macro   0x000015e6      0x21a ./Drivers/STM32F4xx_HAL_Driver/Src/stm32f4xx_hal.o
 .debug_macro   0x00001800      0x1ba ./Drivers/STM32F4xx_HAL_Driver/Src/stm32f4xx_hal_cortex.o
 .debug_macro   0x000019ba      0x1c0 ./Drivers/STM32F4xx_HAL_Driver/Src/stm32f4xx_hal_gpio.o
 .debug_macro   0x00001b7a      0x1de ./Drivers/STM32F4xx_HAL_Driver/Src/stm32f4xx_hal_rcc.o
 .debug_macro   0x00001d58      0x1bb ./Drivers/STM32F4xx_HAL_Driver/Src/stm32f4xx_hal_uart.o
 .debug_macro   0x00001f13      0x3b1 ./Middlewares/Third_Party/FreeRTOS/Source/CMSIS_RTOS_V2/cmsis_os2.o
 .debug_macro   0x000022c4       0x10 ./Middlewares/Third_Party/FreeRTOS/Source/CMSIS_RTOS_V2/cmsis_os2.o
 .debug_macro   0x000022d4       0x10 ./Middlewares/Third_Party/FreeRTOS/Source/CMSIS_RTOS_V2/cmsis_os2.o
 .debug_macro   0x000022e4       0xf5 ./Middlewares/Third_Party/FreeRTOS/Source/CMSIS_RTOS_V2/cmsis_os2.o
 .debug_macro   0x000023d9       0x91 ./Middlewares/Third_Party/FreeRTOS/Source/CMSIS_RTOS_V2/cmsis_os2.o
 .debug_macro   0x0000246a       0x8d ./Middlewares/Third_Party/FreeRTOS/Source/CMSIS_RTOS_V2/cmsis_os2.o
 .debug_macro   0x000024f7       0x9a ./Middlewares/Third_Party/FreeRTOS/Source/CMSIS_RTOS_V2/cmsis_os2.o
 .debug_macro   0x00002591       0x22 ./Middlewares/Third_Party/FreeRTOS/Source/CMSIS_RTOS_V2/cmsis_os2.o
 .debug_macro   0x000025b3       0x56 ./Middlewares/Third_Party/FreeRTOS/Source/CMSIS_RTOS_V2/cmsis_os2.o
 .debug_macro   0x00002609      0x187 ./Middlewares/Third_Party/FreeRTOS/Source/list.o
 .debug_macro   0x00002790      0x216 ./Middlewares/Third_Party/FreeRTOS/Source/queue.o
 .debug_macro   0x000029a6       0x87 ./Middlewares/Third_Party/FreeRTOS/Source/queue.o
 .debug_macro   0x00002a2d      0x27f ./Middlewares/Third_Party/FreeRTOS/Source/tasks.o
 .debug_macro   0x00002cac       0x10 ./Middlewares/Third_Party/FreeRTOS/Source/tasks.o
 .debug_macro   0x00002cbc      0x1dc ./Middlewares/Third_Party/FreeRTOS/Source/timers.o
 .debug_macro   0x00002e98       0x97 ./Middlewares/Third_Party/FreeRTOS/Source/timers.o
 .debug_macro   0x00002f2f      0x196 ./Middlewares/Third_Party/FreeRTOS/Source/portable/GCC/ARM_CM4F/port.o
 .debug_macro   0x000030c5      0x1ae ./Middlewares/Third_Party/FreeRTOS/Source/portable/MemMang/heap_4.o

.debug_line     0x00000000     0xf87b
 .debug_line    0x00000000      0xbb5 ./Core/Src/main.o
 .debug_line    0x00000bb5      0x763 ./Core/Src/stm32f4xx_hal_msp.o
 .debug_line    0x00001318      0x8ae ./Core/Src/stm32f4xx_it.o
 .debug_line    0x00001bc6      0x78b ./Core/Src/system_stm32f4xx.o
 .debug_line    0x00002351       0x7a ./Core/Startup/startup_stm32f401retx.o
 .debug_line    0x000023cb      0xa07 ./Drivers/STM32F4xx_HAL_Driver/Src/stm32f4xx_hal.o
 .debug_line    0x00002dd2      0xcd7 ./Drivers/STM32F4xx_HAL_Driver/Src/stm32f4xx_hal_cortex.o
 .debug_line    0x00003aa9      0xb23 ./Drivers/STM32F4xx_HAL_Driver/Src/stm32f4xx_hal_gpio.o
 .debug_line    0x000045cc      0xe16 ./Drivers/STM32F4xx_HAL_Driver/Src/stm32f4xx_hal_rcc.o
 .debug_line    0x000053e2     0x254f ./Drivers/STM32F4xx_HAL_Driver/Src/stm32f4xx_hal_uart.o
 .debug_line    0x00007931     0x24c1 ./Middlewares/Third_Party/FreeRTOS/Source/CMSIS_RTOS_V2/cmsis_os2.o
 .debug_line    0x00009df2      0x78c ./Middlewares/Third_Party/FreeRTOS/Source/list.o
 .debug_line    0x0000a57e     0x16fd ./Middlewares/Third_Party/FreeRTOS/Source/queue.o
 .debug_line    0x0000bc7b     0x1c80 ./Middlewares/Third_Party/FreeRTOS/Source/tasks.o
 .debug_line    0x0000d8fb      0xdcc ./Middlewares/Third_Party/FreeRTOS/Source/timers.o
 .debug_line    0x0000e6c7      0x811 ./Middlewares/Third_Party/FreeRTOS/Source/portable/GCC/ARM_CM4F/port.o
 .debug_line    0x0000eed8      0x9a3 ./Middlewares/Third_Party/FreeRTOS/Source/portable/MemMang/heap_4.o

.debug_str      0x00000000    0x8f5b1
 .debug_str     0x00000000    0x8f5b1 ./Core/Src/main.o
                              0x884b8 (size before relaxing)
 .debug_str     0x0008f5b1    0x7fef9 ./Core/Src/stm32f4xx_hal_msp.o
 .debug_str     0x0008f5b1    0x8337c ./Core/Src/stm32f4xx_it.o
 .debug_str     0x0008f5b1    0x7f5b9 ./Core/Src/system_stm32f4xx.o
 .debug_str     0x0008f5b1       0x9b ./Core/Startup/startup_stm32f401retx.o
 .debug_str     0x0008f5b1    0x7ffdb ./Drivers/STM32F4xx_HAL_Driver/Src/stm32f4xx_hal.o
 .debug_str     0x0008f5b1    0x7fd45 ./Drivers/STM32F4xx_HAL_Driver/Src/stm32f4xx_hal_cortex.o
 .debug_str     0x0008f5b1    0x7f734 ./Drivers/STM32F4xx_HAL_Driver/Src/stm32f4xx_hal_gpio.o
 .debug_str     0x0008f5b1    0x7f9ed ./Drivers/STM32F4xx_HAL_Driver/Src/stm32f4xx_hal_rcc.o
 .debug_str     0x0008f5b1    0x7ffbc ./Drivers/STM32F4xx_HAL_Driver/Src/stm32f4xx_hal_uart.o
 .debug_str     0x0008f5b1    0x8a0f0 ./Middlewares/Third_Party/FreeRTOS/Source/CMSIS_RTOS_V2/cmsis_os2.o
 .debug_str     0x0008f5b1     0xac2d ./Middlewares/Third_Party/FreeRTOS/Source/list.o
 .debug_str     0x0008f5b1     0xc76d ./Middlewares/Third_Party/FreeRTOS/Source/queue.o
 .debug_str     0x0008f5b1     0xd22a ./Middlewares/Third_Party/FreeRTOS/Source/tasks.o
 .debug_str     0x0008f5b1     0xcc9f ./Middlewares/Third_Party/FreeRTOS/Source/timers.o
 .debug_str     0x0008f5b1     0x87d3 ./Middlewares/Third_Party/FreeRTOS/Source/portable/GCC/ARM_CM4F/port.o
 .debug_str     0x0008f5b1     0xb56f ./Middlewares/Third_Party/FreeRTOS/Source/portable/MemMang/heap_4.o

.comment        0x00000000       0x43
 .comment       0x00000000       0x43 ./Core/Src/main.o
                                 0x44 (size before relaxing)
 .comment       0x00000043       0x44 ./Core/Src/stm32f4xx_hal_msp.o
 .comment       0x00000043       0x44 ./Core/Src/stm32f4xx_it.o
 .comment       0x00000043       0x44 ./Core/Src/system_stm32f4xx.o
 .comment       0x00000043       0x44 ./Drivers/STM32F4xx_HAL_Driver/Src/stm32f4xx_hal.o
 .comment       0x00000043       0x44 ./Drivers/STM32F4xx_HAL_Driver/Src/stm32f4xx_hal_cortex.o
 .comment       0x00000043       0x44 ./Drivers/STM32F4xx_HAL_Driver/Src/stm32f4xx_hal_gpio.o
 .comment       0x00000043       0x44 ./Drivers/STM32F4xx_HAL_Driver/Src/stm32f4xx_hal_rcc.o
 .comment       0x00000043       0x44 ./Drivers/STM32F4xx_HAL_Driver/Src/stm32f4xx_hal_uart.o
 .comment       0x00000043       0x44 ./Middlewares/Third_Party/FreeRTOS/Source/CMSIS_RTOS_V2/cmsis_os2.o
 .comment       0x00000043       0x44 ./Middlewares/Third_Party/FreeRTOS/Source/list.o
 .comment       0x00000043       0x44 ./Middlewares/Third_Party/FreeRTOS/Source/queue.o
 .comment       0x00000043       0x44 ./Middlewares/Third_Party/FreeRTOS/Source/tasks.o
 .comment       0x00000043       0x44 ./Middlewares/Third_Party/FreeRTOS/Source/timers.o
 .comment       0x00000043       0x44 ./Middlewares/Third_Party/FreeRTOS/Source/portable/GCC/ARM_CM4F/port.o
 .comment       0x00000043       0x44 ./Middlewares/Third_Party/FreeRTOS/Source/portable/MemMang/heap_4.o

.debug_frame    0x00000000     0x3ad8
 .debug_frame   0x00000000      0x10c ./Core/Src/main.o
 .debug_frame   0x0000010c       0x7c ./Core/Src/stm32f4xx_hal_msp.o
 .debug_frame   0x00000188       0xc4 ./Core/Src/stm32f4xx_it.o
 .debug_frame   0x0000024c       0x58 ./Core/Src/system_stm32f4xx.o
 .debug_frame   0x000002a4      0x374 ./Drivers/STM32F4xx_HAL_Driver/Src/stm32f4xx_hal.o
 .debug_frame   0x00000618      0x508 ./Drivers/STM32F4xx_HAL_Driver/Src/stm32f4xx_hal_cortex.o
 .debug_frame   0x00000b20      0x14c ./Drivers/STM32F4xx_HAL_Driver/Src/stm32f4xx_hal_gpio.o
 .debug_frame   0x00000c6c      0x1f4 ./Drivers/STM32F4xx_HAL_Driver/Src/stm32f4xx_hal_rcc.o
 .debug_frame   0x00000e60      0x954 ./Drivers/STM32F4xx_HAL_Driver/Src/stm32f4xx_hal_uart.o
 .debug_frame   0x000017b4      0xbc8 ./Middlewares/Third_Party/FreeRTOS/Source/CMSIS_RTOS_V2/cmsis_os2.o
 .debug_frame   0x0000237c       0xd8 ./Middlewares/Third_Party/FreeRTOS/Source/list.o
 .debug_frame   0x00002454      0x5ec ./Middlewares/Third_Party/FreeRTOS/Source/queue.o
 .debug_frame   0x00002a40      0x8f0 ./Middlewares/Third_Party/FreeRTOS/Source/tasks.o
 .debug_frame   0x00003330      0x400 ./Middlewares/Third_Party/FreeRTOS/Source/timers.o
 .debug_frame   0x00003730      0x1a8 ./Middlewares/Third_Party/FreeRTOS/Source/portable/GCC/ARM_CM4F/port.o
 .debug_frame   0x000038d8      0x12c ./Middlewares/Third_Party/FreeRTOS/Source/portable/MemMang/heap_4.o
 .debug_frame   0x00003a04       0x20 C:/ST/STM32CubeIDE_1.18.1/STM32CubeIDE/plugins/com.st.stm32cube.ide.mcu.externaltools.gnu-tools-for-stm32.13.3.rel1.win32_1.0.0.202411081344/tools/bin/../lib/gcc/arm-none-eabi/13.3.1/../../../../arm-none-eabi/lib/thumb/v7e-m+fp/hard\libc_nano.a(libc_a-memset.o)
 .debug_frame   0x00003a24       0x2c C:/ST/STM32CubeIDE_1.18.1/STM32CubeIDE/plugins/com.st.stm32cube.ide.mcu.externaltools.gnu-tools-for-stm32.13.3.rel1.win32_1.0.0.202411081344/tools/bin/../lib/gcc/arm-none-eabi/13.3.1/../../../../arm-none-eabi/lib/thumb/v7e-m+fp/hard\libc_nano.a(libc_a-init.o)
 .debug_frame   0x00003a50       0x28 C:/ST/STM32CubeIDE_1.18.1/STM32CubeIDE/plugins/com.st.stm32cube.ide.mcu.externaltools.gnu-tools-for-stm32.13.3.rel1.win32_1.0.0.202411081344/tools/bin/../lib/gcc/arm-none-eabi/13.3.1/../../../../arm-none-eabi/lib/thumb/v7e-m+fp/hard\libc_nano.a(libc_a-memcpy-stub.o)
 .debug_frame   0x00003a78       0x2c C:/ST/STM32CubeIDE_1.18.1/STM32CubeIDE/plugins/com.st.stm32cube.ide.mcu.externaltools.gnu-tools-for-stm32.13.3.rel1.win32_1.0.0.202411081344/tools/bin/../lib/gcc/arm-none-eabi/13.3.1/thumb/v7e-m+fp/hard\libgcc.a(_aeabi_uldivmod.o)
 .debug_frame   0x00003aa4       0x34 C:/ST/STM32CubeIDE_1.18.1/STM32CubeIDE/plugins/com.st.stm32cube.ide.mcu.externaltools.gnu-tools-for-stm32.13.3.rel1.win32_1.0.0.202411081344/tools/bin/../lib/gcc/arm-none-eabi/13.3.1/thumb/v7e-m+fp/hard\libgcc.a(_udivmoddi4.o)

.debug_line_str
                0x00000000       0x7f
 .debug_line_str
                0x00000000       0x7f ./Core/Startup/startup_stm32f401retx.o
